../Core/Src/main.c:93:6:toggleSwitch	8	static
../Core/Src/main.c:97:6:setNumber	24	static
../Core/Src/main.c:104:6:init7Seg	64	static
../Core/Src/main.c:120:5:main	8	static
../Core/Src/main.c:168:6:SystemClock_Config	88	static
../Core/Src/main.c:215:13:MX_TIM1_Init	32	static
../Core/Src/main.c:261:13:MX_TIM2_Init	32	static
../Core/Src/main.c:306:13:MX_GPIO_Init	48	static
../Core/Src/main.c:355:6:HAL_TIM_PeriodElapsedCallback	16	static
../Core/Src/main.c:390:6:Error_Handler	4	static,ignoring_inline_asm
