../Drivers/CMSIS/Include/core_cm4.h:2064:26:ITM_SendChar	16	static,ignoring_inline_asm
../Core/Src/main.c:73:5:main	8	static
../Core/Src/main.c:122:6:SystemClock_Config	88	static
../Core/Src/main.c:169:13:MX_TIM1_Init	48	static
../Core/Src/main.c:228:13:MX_GPIO_Init	40	static
../Core/Src/main.c:257:6:delay	16	static
../Core/Src/main.c:262:5:_write	32	static
../Core/Src/main.c:274:6:HAL_TIM_IC_CaptureCallback	24	static
../Core/Src/main.c:303:6:sendTrig	8	static
../Core/Src/main.c:319:6:Error_Handler	4	static,ignoring_inline_asm
