../Core/Src/main.c:78:5:main	8	static
../Core/Src/main.c:124:6:SystemClock_Config	88	static
../Core/Src/main.c:171:13:MX_TIM2_Init	64	static
../Core/Src/main.c:230:13:MX_GPIO_Init	40	static
../Core/Src/main.c:270:6:motorInit	16	static
../Core/Src/main.c:282:6:HAL_GPIO_EXTI_Callback	16	static
../Core/Src/main.c:295:6:motorStart	8	static
../Core/Src/main.c:301:6:motorStop	8	static
../Core/Src/main.c:305:6:motorSetSpeed	24	static
../Core/Src/main.c:310:6:goForward	8	static
../Core/Src/main.c:315:6:goBackward	8	static
../Core/Src/main.c:327:6:Error_Handler	4	static,ignoring_inline_asm
